// Jest Snapshot v1, https://goo.gl/fbAQLP

exports[`renders correctly 1`] = `
<div
  data-testid="moderate-container"
>
  <ModerateSearchBarContainer
    allStories={true}
    sectionSelector={
      <SectionSelectorContainer
        query={
          Object {
            " $data": Object {
              "sections": Array [],
              "settings": Object {
                "featureFlags": Array [],
              },
            },
          }
        }
      />
    }
    settings={Object {}}
    siteID={null}
    siteSelector={
      <Relay(SiteSelectorContainer)
        query={
          Object {
            " $data": Object {
              "sections": Array [],
              "settings": Object {
                "featureFlags": Array [],
              },
            },
          }
        }
        siteID={null}
        viewer={null}
      />
    }
    story={Object {}}
  />
  <withPropsOnChange(SubBar)
    className="Moderate-subBar"
    data-testid="moderate-tabBar-container"
  >
    <ModerateNavigationContainer
      moderationQueues={Object {}}
      settings={Object {}}
      siteID={null}
      story={Object {}}
    />
    <QueueSort />
  </withPropsOnChange(SubBar)>
  <div
    className="Moderate-background"
  />
  <MainLayout
    data-testid="moderate-main-container"
  >
    <main
      className="Moderate-main"
    />
  </MainLayout>
  <HotkeysModal
    onClose={[Function]}
    open={false}
  />
</div>
`;
